10 5 0 1
1000 9 0 1
1000000 100200 0 100000
1000000000 100201 98200 98201
10000000000000 100202 98201 98202
1000000000000000000 100203 98202 98203
49101 65768