1 4294967291 0 2147483645
1000 2147483641 0 2147483640
0 2147483643