10 8 2 3
1000 3 0 1
1000000 4 1 2
1000000000 5 2 3
10000000000000 6 3 4
1000000000000000000 7 4 5
2 3