1 4294967286 2 2147483647
1000 2147483641 0 2147483640
1 2147483644