10 6 0 1
1000 18 11 16
1000000 13 7 11
1000000000 9 4 7
10000000000000 5 1 3
1000000000000000000 3 0 1
4 7