10 5 0 1
1000 9 0 1
1000000 303 3 103
1000000000 251 0 1
10000000000000 252 1 2
1000000000000000000 253 2 3
1 19